It does boot up with no splash and with debug on boot command line.  Parts of dmesg log follows:
dmesg:

	[    0.000000] BIOS-provided physical RAM map:
	[    0.000000]  BIOS-e820: 0000000000000000 - 000000000009fc00 (usable)
	[    0.000000]  BIOS-e820: 000000000009fc00 - 00000000000a0000 (reserved)
	[    0.000000]  BIOS-e820: 00000000000e6000 - 0000000000100000 (reserved)
	[    0.000000]  BIOS-e820: 0000000000100000 - 00000000b7e2fc00 (usable)
	[    0.000000]  BIOS-e820: 00000000b7e2fc00 - 00000000b7e3fc0e (ACPI NVS)
	[    0.000000]  BIOS-e820: 00000000b7f10000 - 00000000b7f30000 (reserved)
	[    0.000000]  BIOS-e820: 00000000b7f30000 - 00000000b7f40000 (ACPI data)
	[    0.000000]  BIOS-e820: 00000000b7f40000 - 00000000b7ff0000 (ACPI NVS)
	[    0.000000]  BIOS-e820: 00000000b7ff0000 - 00000000b8000000 (reserved)
	[    0.000000]  BIOS-e820: 00000000e0000000 - 00000000f0000000 (reserved)
	[    0.000000]  BIOS-e820: 00000000fed13000 - 00000000fed1a000 (reserved)
	[    0.000000]  BIOS-e820: 00000000fed1c000 - 00000000feda0000 (reserved)
	...
	[    0.201502] pnp: PnP ACPI init
	[    0.201519] ACPI: bus type pnp registered
	[    0.206094] pnp: PnP ACPI: found 14 devices
	[    0.206099] ACPI: ACPI bus type pnp unregistered
	[    0.206106] PnPBIOS: Disabled by ACPI PNP
	[    0.206126] system 00:09: ioport range 0x4d0-0x4d1 has been reserved
	[    0.206132] system 00:09: ioport range 0x400-0x47f has been reserved
	[    0.206138] system 00:09: ioport range 0x500-0x53f has been reserved
	[    0.206149] system 00:0b: iomem range 0xffc00000-0xffefffff has been reserved
	[    0.206159] system 00:0c: ioport range 0x400-0x47f has been reserved
	[    0.206165] system 00:0c: ioport range 0x680-0x6ff has been reserved
	[    0.206170] system 00:0c: ioport range 0x500-0x53f has been reserved
	[    0.206177] system 00:0c: iomem range 0xeec00000-0xeec03fff has been reserved
	[    0.206183] system 00:0c: iomem range 0xfec00000-0xfec00fff could not be reserved
	[    0.206190] system 00:0c: iomem range 0xfee00000-0xfee00fff has been reserved
	[    0.206196] system 00:0c: iomem range 0xe0000000-0xefffffff could not be reserved
	[    0.206203] system 00:0c: iomem range 0xfed13000-0xfed13fff has been reserved
	[    0.206209] system 00:0c: iomem range 0xfed14000-0xfed17fff has been reserved
	[    0.206215] system 00:0c: iomem range 0xfed18000-0xfed18fff has been reserved
	[    0.206221] system 00:0c: iomem range 0xfed19000-0xfed19fff has been reserved
	[    0.206227] system 00:0c: iomem range 0xfed1c000-0xfed1ffff has been reserved
	[    0.206233] system 00:0c: iomem range 0xfed20000-0xfed9ffff has been reserved
	[    0.206243] system 00:0d: iomem range 0x0-0x9ffff could not be reserved
	[    0.206249] system 00:0d: iomem range 0xc0000-0xdffff could not be reserved
	[    0.206255] system 00:0d: iomem range 0xe0000-0xfffff could not be reserved
	[    0.206261] system 00:0d: iomem range 0x100000-0xb7ffffff could not be reserved
	[    0.241064] pci 0000:06:02.0: BAR 6: address space collision on of device [0xdfee0000-0xdfeeffff]
	[    0.241075] pci 0000:06:03.0: BAR 6: address space collision on of device [0xdfeb0000-0xdfeb3fff]
	[    0.241141] pci 0000:00:01.0: PCI bridge, secondary bus 0000:01
	[    0.241148] pci 0000:00:01.0:   IO window: 0x9000-0x9fff
	[    0.241154] pci 0000:00:01.0:   MEM window: 0xcf900000-0xdf9fffff
	[    0.241161] pci 0000:00:01.0:   PREFETCH window: 0xbf200000-0xcf2fffff
	[    0.241169] pci 0000:00:1c.0: PCI bridge, secondary bus 0000:05
	[    0.241175] pci 0000:00:1c.0:   IO window: 0x1000-0x1fff
	[    0.241184] pci 0000:00:1c.0:   MEM window: 0xdfd00000-0xdfdfffff
	[    0.241192] pci 0000:00:1c.0:   PREFETCH window: 0x000000cf600000-0x000000cf6fffff
	[    0.241204] pci 0000:00:1c.1: PCI bridge, secondary bus 0000:04
	[    0.241210] pci 0000:00:1c.1:   IO window: 0x2000-0x2fff
	[    0.241219] pci 0000:00:1c.1:   MEM window: 0xdfc00000-0xdfcfffff
	[    0.241227] pci 0000:00:1c.1:   PREFETCH window: 0x000000cf500000-0x000000cf5fffff
	[    0.241238] pci 0000:00:1c.2: PCI bridge, secondary bus 0000:03
	[    0.241245] pci 0000:00:1c.2:   IO window: 0x3000-0x3fff
	[    0.241254] pci 0000:00:1c.2:   MEM window: 0xdfb00000-0xdfbfffff
	[    0.241262] pci 0000:00:1c.2:   PREFETCH window: 0x000000cf400000-0x000000cf4fffff
	[    0.241273] pci 0000:00:1c.3: PCI bridge, secondary bus 0000:02
	[    0.241280] pci 0000:00:1c.3:   IO window: 0x4000-0x4fff
	[    0.241289] pci 0000:00:1c.3:   MEM window: 0xdfa00000-0xdfafffff
	[    0.241297] pci 0000:00:1c.3:   PREFETCH window: 0x000000cf300000-0x000000cf3fffff
	[    0.241310] pci 0000:00:1e.0: PCI bridge, secondary bus 0000:06
	[    0.241317] pci 0000:00:1e.0:   IO window: 0xa000-0xbfff
	[    0.241326] pci 0000:00:1e.0:   MEM window: 0xdfe00000-0xdfefffff
	[    0.241334] pci 0000:00:1e.0:   PREFETCH window: 0x000000cf700000-0x000000cf7fffff
	...
	[    7.931692] sr 0:0:0:0: [sr0] Result: hostbyte=DID_OK driverbyte=DRIVER_SENSE
	[    7.931697] sr 0:0:0:0: [sr0] Sense Key : Illegal Request [current]
	[    7.931701] Info fld=0x54c00
	[    7.931704] sr 0:0:0:0: [sr0] Add. Sense: Illegal mode for this track
	[    7.931710] sr 0:0:0:0: [sr0] CDB: Read(10): 28 00 00 05 4c 00 00 00 02 00
	[    7.931720] end_request: I/O error, dev sr0, sector 1388544
	[    7.931724] Buffer I/O error on device sr0, logical block 173568
	...
	[   77.035823] [drm] radeon: cp idle (0x10000C03)
	[   77.044186] [drm] Loading R300 Microcode
	[   77.052810] platform radeon_cp.0: firmware: requesting radeon/R300_cp.bin
	[   78.883305] [drm] radeon: ring at 0x0000000020000000
	[   78.892314] [drm] ring test succeeded in 1 usecs
	[   78.900612] [drm] radeon: ib pool ready.
	[   79.914489] ENS1371 0000:06:01.0: PCI INT A -> GSI 22 (level, low) -> IRQ 22
	[   81.420016] [drm:radeon_fence_wait] *ERROR* fence(f6461e60:0x00000001) 504ms timeout going to reset GPU
	[   81.437542] [drm] CP reset succeed (RBBM_STATUS=0x00000140)
	[   81.445773] [drm] radeon: cp idle (0x10000000)
	[   81.453912] [drm] radeon: ring at 0x0000000020000000
	[   81.461909] [drm] ring test succeeded in 1 usecs
	[   81.469758] [drm] GPU reset succeed (RBBM_STATUS=0x00000140)
	[   81.477649] [drm:radeon_fence_wait] *ERROR* fence(f6461e60:0x00000001) 568ms timeout
	[   81.485713] [drm:radeon_fence_wait] *ERROR* last signaled fence(0x00000001)
	[   81.660381] [drm:r100_ib_test] *ERROR* radeon: ib test failed (sracth(0x15E4)=0xCAFEDEAD)
	[   81.668711] radeon 0000:01:00.0: failled testing IB (-22).
	[   81.668856] radeon 0000:01:00.0: failled initializing IB (-22).
	[   81.668859] radeon 0000:01:00.0: Disabling GPU acceleration
	[   81.668981] [drm] radeon: cp finalized
	[   81.669024] radeon 0000:01:00.0: f66e7e00 unpin not necessary
	[   81.669573] [drm] DFP table revision: 4
	[   81.670101] [drm] Default TV standard: NTSC
	[   81.670104] [drm] 27.000000000 MHz TV ref clk
	[   81.670108] [drm] Default TV standard: NTSC
	[   81.670110] [drm] 27.000000000 MHz TV ref clk
	[   81.670195] [drm] Radeon Display Connectors
	[   81.670198] [drm] Connector 0:
	[   81.670200] [drm]   DVI-I
	[   81.670202] [drm]   HPD1
	[   81.670206] [drm]   DDC: 0x60 0x60 0x60 0x60 0x60 0x60 0x60 0x60
	[   81.670208] [drm]   Encoders:
	[   81.670211] [drm]     CRT1: INTERNAL_DAC1
	[   81.670213] [drm]     DFP1: INTERNAL_TMDS1
	[   81.670215] [drm] Connector 1:
	[   81.670217] [drm]   S-video
	[   81.670219] [drm]   Encoders:
	[   81.670221] [drm]     TV1: INTERNAL_DAC2
	[   81.880608] [drm] fb mappable at 0xC0040000
	[   81.880612] [drm] vram apper at 0xC0000000
	[   81.880615] [drm] size 8294400
	[   81.880617] [drm] fb depth is 24
	[   81.880619] [drm]    pitch is 7680
	[   81.887732] fb: conflicting fb hw usage radeondrmfb vs VESA VGA - removing generic driver
	[   81.960902] Console: switching to colour dummy device 80x25
	[   81.961454] Console: switching to colour frame buffer device 240x67
	[   82.150737] fb0: radeondrmfb frame buffer device
	[   82.151196] registered panic notifier
	[   82.151566] [drm] Initialized radeon 2.0.0 20080528 for 0000:01:00.0 on minor 0
	[   85.881324] device-mapper: uevent: version 1.0.3
	[   85.882498] device-mapper: ioctl: 4.15.0-ioctl (2009-04-01) initialised: dm-devel@redhat.com
	[   91.890148] fuse init (API version 7.13)

> Is this the log for the failed boot or for the working (`nosplash
> debug`) one?

>> More than 3 month without further info, cannot reproduce =>
>> closing. [[done]]
